format=2025-06-28 01:34:28,814 root         INFO     [AHENK >> ahenkd.py 56]	 Log was set
format=2025-06-28 01:34:28,815 root         INFO     [AHENK >> ahenkd.py 318]	 Pid file was created
format=2025-06-28 01:34:28,816 root         DEBUG    [UTIL >> util.py 172]	 Executing command: chmod -R 600 /tmp/liderahenk.fifo
format=2025-06-28 01:34:28,828 root         INFO     [AHENK >> ahenkd.py 321]	 Fifo file was created
format=2025-06-28 01:34:28,828 root         INFO     [AHENK >> ahenkd.py 324]	 Event Manager was set
format=2025-06-28 01:34:29,422 root         INFO     [AHENK >> ahenkd.py 327]	 DataBase Service was set
format=2025-06-28 01:34:29,423 root         ERROR    [KEY >> ssl_cert_management.py 31]	 Certificate file does not exist: 
format=2025-06-28 01:34:29,423 root         INFO     [AHENK >> ahenkd.py 330]	 SSL Cert control was set
format=2025-06-28 01:34:29,424 root         INFO     [AHENK >> ahenkd.py 333]	 Message Manager was set
format=2025-06-28 01:34:29,435 root         INFO     [PLUGIN >> plugin_manager.py 43]	 Loading plugins...
format=2025-06-28 01:34:29,435 root         DEBUG    [PLUGIN >> plugin_manager.py 45]	 Lookup for possible plugins...
format=2025-06-28 01:34:29,436 root         DEBUG    [PLUGIN >> plugin_manager.py 48]	 Possible plugins: ['usb', 'file-management', 'service', 'resource-usage', 'conky', 'manage-root', 'ldap', 'remote-access', 'network-inventory', 'network-manager', 'system-restriction', 'local-user', 'script', 'package-manager', 'notify', 'parental-control', 'login-manager'] 
format=2025-06-28 01:34:29,440 root         DEBUG    [PLUGIN >> plugin_manager.py 78]	 New plugin was loaded. Plugin Name: usb
format=2025-06-28 01:34:29,448 root         DEBUG    [PLUGIN >> plugin_manager.py 78]	 New plugin was loaded. Plugin Name: file-management
format=2025-06-28 01:34:29,477 root         DEBUG    [PLUGIN >> plugin_manager.py 78]	 New plugin was loaded. Plugin Name: service
format=2025-06-28 01:34:29,511 root         DEBUG    [PLUGIN >> plugin.py 271]	 [Plugin] INIT_MODE is running on usb plugin
format=2025-06-28 01:34:29,517 root         WARNING  [PLUGIN >> plugin_manager.py 289]	 init.py not found in file-management plugin
format=2025-06-28 01:34:29,523 root         DEBUG    [PLUGIN >> plugin.py 271]	 [Plugin] INIT_MODE is running on service plugin
format=2025-06-28 01:34:29,526 root         DEBUG    [PLUGIN >> plugin_manager.py 78]	 New plugin was loaded. Plugin Name: resource-usage
format=2025-06-28 01:34:29,594 root         WARNING  [PLUGIN >> plugin_manager.py 289]	 init.py not found in resource-usage plugin
format=2025-06-28 01:34:29,602 root         DEBUG    [UTIL >> util.py 172]	 Executing command: dpkg -s chkconfig
format=2025-06-28 01:34:29,613 root         DEBUG    [USB >> init.py 16]	 Parameters were initialized.
format=2025-06-28 01:34:29,618 root         DEBUG    [PLUGIN >> plugin_manager.py 78]	 New plugin was loaded. Plugin Name: conky
format=2025-06-28 01:34:29,669 root         WARNING  [PLUGIN >> plugin_manager.py 289]	 init.py not found in conky plugin
format=2025-06-28 01:34:29,670 root         DEBUG    [PLUGIN >> plugin_manager.py 78]	 New plugin was loaded. Plugin Name: manage-root
format=2025-06-28 01:34:29,686 root         DEBUG    [UTIL >> util.py 172]	 Executing command: /bin/bash /usr/share/ahenk/plugins/usb/scripts/ENABLED_webcam.sh
format=2025-06-28 01:34:29,746 root         DEBUG    [PLUGIN >> plugin_manager.py 78]	 New plugin was loaded. Plugin Name: ldap
format=2025-06-28 01:34:29,754 root         DEBUG    [PLUGIN >> plugin.py 271]	 [Plugin] INIT_MODE is running on manage-root plugin
format=2025-06-28 01:34:29,778 root         DEBUG    [PLUGIN >> plugin.py 271]	 [Plugin] INIT_MODE is running on ldap plugin
format=2025-06-28 01:34:29,818 root         DEBUG    [PLUGIN >> plugin_manager.py 78]	 New plugin was loaded. Plugin Name: remote-access
format=2025-06-28 01:34:29,863 root         WARNING  [PLUGIN >> plugin_manager.py 289]	 init.py not found in remote-access plugin
format=2025-06-28 01:34:29,866 root         DEBUG    [PLUGIN >> plugin_manager.py 78]	 New plugin was loaded. Plugin Name: network-inventory
format=2025-06-28 01:34:29,901 root         DEBUG    [PLUGIN >> plugin_manager.py 78]	 New plugin was loaded. Plugin Name: network-manager
format=2025-06-28 01:34:29,927 root         WARNING  [PLUGIN >> plugin_manager.py 289]	 init.py not found in network-inventory plugin
format=2025-06-28 01:34:29,928 root         WARNING  [PLUGIN >> plugin_manager.py 289]	 init.py not found in network-manager plugin
format=2025-06-28 01:34:29,935 root         DEBUG    [PLUGIN >> plugin_manager.py 78]	 New plugin was loaded. Plugin Name: system-restriction
format=2025-06-28 01:34:29,949 root         WARNING  [PLUGIN >> plugin_manager.py 289]	 init.py not found in system-restriction plugin
format=2025-06-28 01:34:29,965 root         DEBUG    [PLUGIN >> plugin_manager.py 78]	 New plugin was loaded. Plugin Name: local-user
format=2025-06-28 01:34:29,986 root         DEBUG    [PLUGIN >> plugin.py 271]	 [Plugin] INIT_MODE is running on local-user plugin
format=2025-06-28 01:34:30,001 root         DEBUG    [LOCAL-USER >> init.py 14]	 Parameters were initialized.
format=2025-06-28 01:34:30,054 root         DEBUG    [UTIL >> util.py 172]	 Executing command: dpkg -s whois
format=2025-06-28 01:34:30,054 root         DEBUG    [PLUGIN >> plugin_manager.py 78]	 New plugin was loaded. Plugin Name: script
format=2025-06-28 01:34:30,074 root         WARNING  [PLUGIN >> plugin_manager.py 289]	 init.py not found in script plugin
format=2025-06-28 01:34:30,078 root         DEBUG    [PLUGIN >> plugin_manager.py 78]	 New plugin was loaded. Plugin Name: package-manager
format=2025-06-28 01:34:30,196 root         DEBUG    [PLUGIN >> plugin_manager.py 78]	 New plugin was loaded. Plugin Name: notify
format=2025-06-28 01:34:30,200 root         DEBUG    [UTIL >> util.py 172]	 Executing command: apt-get install --yes --allow-unauthenticated whois
format=2025-06-28 01:34:30,206 root         DEBUG    [PLUGIN >> plugin.py 271]	 [Plugin] INIT_MODE is running on package-manager plugin
format=2025-06-28 01:34:30,264 root         WARNING  [PLUGIN >> plugin_manager.py 289]	 init.py not found in notify plugin
format=2025-06-28 01:34:30,266 root         DEBUG    [PLUGIN >> plugin_manager.py 78]	 New plugin was loaded. Plugin Name: parental-control
format=2025-06-28 01:34:30,310 root         WARNING  [PLUGIN >> plugin_manager.py 289]	 init.py not found in parental-control plugin
format=2025-06-28 01:34:30,311 root         DEBUG    [PLUGIN >> plugin_manager.py 78]	 New plugin was loaded. Plugin Name: login-manager
format=2025-06-28 01:34:30,311 root         INFO     [PLUGIN >> plugin_manager.py 56]	 Loaded plugins successfully.
format=2025-06-28 01:34:30,312 root         INFO     [AHENK >> ahenkd.py 336]	 Plugin Manager was set
format=2025-06-28 01:34:30,312 root         DEBUG    [CUSTOM >> scheduledb.py 17]	 Initializing scheduler database...
format=2025-06-28 01:34:30,398 root         DEBUG    [PLUGIN >> plugin.py 271]	 [Plugin] INIT_MODE is running on login-manager plugin
format=2025-06-28 01:34:30,431 root         DEBUG    [LOGIN-MANAGER >> init.py 14]	 Parameters were initialized.
format=2025-06-28 01:34:30,432 root         DEBUG    [LOCAL-USER >> init.py 19]	 whois has been installed with apt-get.
format=2025-06-28 01:34:30,661 root         DEBUG    [CUSTOM >> scheduledb.py 20]	 Scheduler database is ok.
format=2025-06-28 01:34:30,661 root         DEBUG    [CUSTOM >> scheduledb.py 40]	 Loading schedule tasks...
format=2025-06-28 01:34:30,662 root         DEBUG    [CUSTOM >> scheduledb.py 45]	 Scheduled tasks are loaded successfully. Scheduled Tasks size is 0
format=2025-06-28 01:34:30,665 root         INFO     [AHENK >> ahenkd.py 339]	 Scheduler was set
format=2025-06-28 01:34:30,665 root         INFO     [AHENK >> ahenkd.py 342]	 Task Manager was set
format=2025-06-28 01:34:30,669 root         DEBUG    [REGISTRATION >> registration.py 345]	 uuid creating according to mac address
format=2025-06-28 01:34:31,668 root         DEBUG    [USB >> init.py 20]	 Enabled webcam.
format=2025-06-28 01:34:31,684 root         DEBUG    [UTIL >> util.py 172]	 Executing command: /bin/bash /usr/share/ahenk/plugins/usb/scripts/ENABLED_printer.sh
format=2025-06-28 01:34:31,684 root         DEBUG    [UTIL >> util.py 172]	 Executing command: lsb_release -d
format=2025-06-28 01:34:31,825 root         DEBUG    [UTIL >> util.py 172]	 Executing command: lsb_release -r
format=2025-06-28 01:34:32,065 root         DEBUG    [UTIL >> util.py 172]	 Executing command: parse-edid < /sys/class/drm/card0-Virtual-6/edid
format=2025-06-28 01:34:32,076 root         DEBUG    [UTIL >> util.py 172]	 Executing command: parse-edid < /sys/class/drm/card0-Virtual-4/edid
format=2025-06-28 01:34:32,081 root         DEBUG    [UTIL >> util.py 172]	 Executing command: parse-edid < /sys/class/drm/card0-Virtual-2/edid
format=2025-06-28 01:34:32,088 root         DEBUG    [UTIL >> util.py 172]	 Executing command: parse-edid < /sys/class/drm/card0-Virtual-7/edid
format=2025-06-28 01:34:32,089 root         DEBUG    [UTIL >> util.py 172]	 Executing command: parse-edid < /sys/class/drm/card0-Virtual-5/edid
format=2025-06-28 01:34:32,092 root         DEBUG    [UTIL >> util.py 172]	 Executing command: parse-edid < /sys/class/drm/card0-Virtual-3/edid
format=2025-06-28 01:34:32,094 root         DEBUG    [UTIL >> util.py 172]	 Executing command: parse-edid < /sys/class/drm/card0-Virtual-1/edid
format=2025-06-28 01:34:32,098 root         DEBUG    [UTIL >> util.py 172]	 Executing command: parse-edid < /sys/class/drm/card0-Virtual-8/edid
format=2025-06-28 01:34:32,102 root         DEBUG    [UTIL >> util.py 172]	 Executing command: xrandr
format=2025-06-28 01:34:32,108 root         DEBUG    [UTIL >> util.py 172]	 Executing command: lsusb
format=2025-06-28 01:34:32,130 root         DEBUG    [UTIL >> util.py 172]	 Executing command: lpstat -a
format=2025-06-28 01:34:32,385 root         DEBUG    [UTIL >> util.py 172]	 Executing command: dmidecode -t system
format=2025-06-28 01:34:32,391 root         DEBUG    [UTIL >> util.py 172]	 Executing command: dmidecode --string bios-release-date
format=2025-06-28 01:34:32,398 root         DEBUG    [UTIL >> util.py 172]	 Executing command: dmidecode --string bios-release-date
format=2025-06-28 01:34:32,413 root         DEBUG    [UTIL >> util.py 172]	 Executing command: dmidecode --string bios-version
format=2025-06-28 01:34:32,420 root         DEBUG    [UTIL >> util.py 172]	 Executing command: dmidecode --string bios-version
format=2025-06-28 01:34:32,423 root         DEBUG    [UTIL >> util.py 172]	 Executing command: dmidecode --string bios-vendor
format=2025-06-28 01:34:32,429 root         DEBUG    [UTIL >> util.py 172]	 Executing command: dmidecode --string bios-vendor
format=2025-06-28 01:34:32,438 root         DEBUG    [UTIL >> util.py 172]	 Executing command: dmidecode --string baseboard-manufacturer
format=2025-06-28 01:34:32,442 root         DEBUG    [UTIL >> util.py 172]	 Executing command: dmidecode --string baseboard-manufacturer
format=2025-06-28 01:34:32,445 root         DEBUG    [UTIL >> util.py 172]	 Executing command: dmidecode --string baseboard-version
format=2025-06-28 01:34:32,456 root         DEBUG    [UTIL >> util.py 172]	 Executing command: dmidecode --string baseboard-version
format=2025-06-28 01:34:32,462 root         DEBUG    [UTIL >> util.py 172]	 Executing command: dmidecode --string baseboard-asset-tag
format=2025-06-28 01:34:32,470 root         DEBUG    [UTIL >> util.py 172]	 Executing command: dmidecode --string baseboard-asset-tag
format=2025-06-28 01:34:32,473 root         DEBUG    [UTIL >> util.py 172]	 Executing command: dmidecode --string baseboard-product-name
format=2025-06-28 01:34:32,486 root         DEBUG    [UTIL >> util.py 172]	 Executing command: dmidecode --string baseboard-product-name
format=2025-06-28 01:34:32,490 root         DEBUG    [UTIL >> util.py 172]	 Executing command: dmidecode --string baseboard-serial-number
format=2025-06-28 01:34:32,502 root         DEBUG    [UTIL >> util.py 172]	 Executing command: dmidecode --string baseboard-serial-number
format=2025-06-28 01:34:33,355 root         DEBUG    [USB >> init.py 23]	 Enabled printer.
format=2025-06-28 01:34:33,402 root         DEBUG    [UTIL >> util.py 172]	 Executing command: /bin/bash /usr/share/ahenk/plugins/usb/scripts/ENABLED_usbstorage.sh
format=2025-06-28 01:34:33,785 root         DEBUG    [USB >> init.py 26]	 Enabled usb storage.
format=2025-06-28 01:34:33,792 root         DEBUG    [UTIL >> util.py 172]	 Executing command: /bin/bash /usr/share/ahenk/plugins/usb/scripts/ENABLED_usbhid.sh
format=2025-06-28 01:34:33,806 root         DEBUG    [UTIL >> util.py 172]	 Executing command: dpkg -s ahenk | grep Version
format=2025-06-28 01:34:33,821 root         DEBUG    [USB >> init.py 29]	 Enabled usb hid.
format=2025-06-28 01:34:33,846 root         DEBUG    [UTIL >> util.py 172]	 Executing command: lsblk -b -o NAME,TYPE,ROTA,SIZE,RM,HOTPLUG,MOUNTPOINT,FSUSED | grep -v loop | awk '$5 == "0" { print $0 }'
format=2025-06-28 01:34:33,951 root         DEBUG    [REGISTRATION >> registration.py 237]	 Registration parameters were created
format=2025-06-28 01:34:33,952 root         INFO     [AHENK >> ahenkd.py 345]	 Registration was set
format=2025-06-28 01:34:33,952 root         INFO     [AHENK >> ahenkd.py 348]	 Execution Manager was set
format=2025-06-28 01:34:33,953 root         DEBUG    [AHENK >> ahenkd.py 188]	 Registration attempt 1/3: Ahenk is not registered. Attempting registration.
format=2025-06-28 01:34:33,953 root         DEBUG    [REGISTRATION >> registration.py 61]	 Pulsar client selected for registration
format=2025-06-28 01:34:33,954 root         DEBUG    [MESSAGING >> messaging.py 161]	 Registration message was created
format=2025-06-28 01:34:33,955 root         INFO     [REGISTRATION >> registration.py 91]	 Request payload: {'type': 'REGISTER', 'from': '3862a47f-01a8-3b7f-a379-51ea6146b1eb', 'password': '2aae50a4-f22f-477b-bd2a-863fed0a3411', 'data': {'ipAddresses': "'192.168.0.32'", 'macAddresses': "'08:00:27:72:1e:d4'", 'hostname': 'etap', 'os.name': 'Linux', 'os.version': 'Pardus ETAP GNU/Linux 23 (yirmiuc)-23.3', 'os.kernel': '6.1.0-28-amd64', 'os.distributionName': 'Pardus ETAP GNU/Linux', 'os.distributionId': 'etap-yirmiuc', 'os.distributionVersion': '23.3', 'os.architecture': '64bit', 'hardware.cpu.architecture': '', 'hardware.cpu.logicalCoreCount': 12, 'hardware.cpu.physicalCoreCount': 12, 'hardware.disk.total': 20858, 'hardware.disk.used': 12046, 'hardware.disk.free': 7725, 'hardware.disk.partitions': "['/dev/sda2', '/dev/sda1']", 'hardware.monitors': '[]', 'hardware.screens': '[]', 'hardware.usbDevices': "['Bus 002 Device 002: ID 80ee:0021 VirtualBox USB Tablet']", 'hardware.printers': 'None', 'hardware.systemDefinitions': "['Manufacturer: innotek GmbH', 'Product Name: VirtualBox']", 'hardware.memory.total': 3896, 'hardware.network.ipAddresses': "['192.168.0.32']", 'sessions.userNames': "['etapadmin', 'root']", 'bios.releaseDate': '12/01/2006', 'bios.version': 'VirtualBox', 'bios.vendor': 'innotek GmbH', 'hardware.baseboard.manufacturer': 'Oracle Corporation', 'hardware.baseboard.version': '1.2', 'hardware.baseboard.assetTag': 'Not Specified', 'hardware.baseboard.productName': 'VirtualBox', 'hardware.baseboard.serialNumber': '0', 'phase': None, 'processor': 'AMD Ryzen 9 5900X 12-Core Processor', 'agentVersion': '2.0.7', 'graphic.processing.unit': None, 'hardware.disk.hdd.info': "[{'name': 'sda', 'type': 'HDD', 'total': 20858, 'used': 12047}]"}, 'macAddresses': "'08:00:27:72:1e:d4'", 'ipAddresses': "'192.168.0.32'", 'hostname': 'etap', 'timestamp': '28-06-2025 01:34'}
format=2025-06-28 01:34:35,143 root         INFO     [REGISTRATION >> registration.py 102]	 Response: {"status":"NOT_AUTHORIZED","message":"Mac ID is not registered to Etap Service.","agentDn":null,"timestamp":"2025-06-27T22:34:33.679+00:00","type":"REGISTRATION_RESPONSE","ldapUserDn":null,"ldapServer":null,"ldapBaseDn":null,"ldapVersion":null,"adDomainName":null,"adHostName":null,"adIpAddress":null,"adAdminPassword":null,"adAdminUserName":null,"directoryServer":null,"disableLocalUser":null}
format=2025-06-28 01:34:35,143 root         DEBUG    [REGISTRATION >> registration.py 127]	 Reading registration reply
format=2025-06-28 01:34:35,144 root         DEBUG    [REGISTRATION >> registration.py 129]	 [Registration]Mac ID is not registered to Etap Service.
format=2025-06-28 01:34:35,144 root         DEBUG    [REGISTRATION >> registration.py 132]	 Registration status: not_authorized
format=2025-06-28 01:34:35,144 root         INFO     [REGISTRATION >> registration.py 151]	 Registration is failed. New registration request will send
format=2025-06-28 01:34:35,145 root         INFO     [REGISTRATION >> registration.py 153]	 register_error_message is: False
format=2025-06-28 01:34:35,145 root         INFO     [REGISTRATION >> registration.py 119]	 Stopping the service...
format=2025-06-28 01:34:35,147 root         DEBUG    [UTIL >> util.py 172]	 Executing command: /etc/init.d/ahenk stop
format=2025-06-28 01:37:34,111 root         INFO     [AHENK >> ahenkd.py 56]	 Log was set
format=2025-06-28 01:37:34,111 root         INFO     [AHENK >> ahenkd.py 318]	 Pid file was created
format=2025-06-28 01:37:34,113 root         DEBUG    [UTIL >> util.py 172]	 Executing command: chmod -R 600 /tmp/liderahenk.fifo
format=2025-06-28 01:37:34,115 root         INFO     [AHENK >> ahenkd.py 321]	 Fifo file was created
format=2025-06-28 01:37:34,115 root         INFO     [AHENK >> ahenkd.py 324]	 Event Manager was set
format=2025-06-28 01:37:34,116 root         INFO     [AHENK >> ahenkd.py 327]	 DataBase Service was set
format=2025-06-28 01:37:34,117 root         ERROR    [KEY >> ssl_cert_management.py 31]	 Certificate file does not exist: 
format=2025-06-28 01:37:34,117 root         INFO     [AHENK >> ahenkd.py 330]	 SSL Cert control was set
format=2025-06-28 01:37:34,117 root         INFO     [AHENK >> ahenkd.py 333]	 Message Manager was set
format=2025-06-28 01:37:34,121 root         INFO     [PLUGIN >> plugin_manager.py 43]	 Loading plugins...
format=2025-06-28 01:37:34,121 root         DEBUG    [PLUGIN >> plugin_manager.py 45]	 Lookup for possible plugins...
format=2025-06-28 01:37:34,123 root         DEBUG    [PLUGIN >> plugin_manager.py 48]	 Possible plugins: ['usb', 'file-management', 'service', 'resource-usage', 'conky', 'manage-root', 'ldap', 'remote-access', 'network-inventory', 'network-manager', 'system-restriction', 'local-user', 'script', 'package-manager', 'notify', 'parental-control', 'login-manager'] 
format=2025-06-28 01:37:34,125 root         DEBUG    [PLUGIN >> plugin_manager.py 78]	 New plugin was loaded. Plugin Name: usb
format=2025-06-28 01:37:34,129 root         DEBUG    [PLUGIN >> plugin.py 271]	 [Plugin] INIT_MODE is running on usb plugin
format=2025-06-28 01:37:34,132 root         DEBUG    [PLUGIN >> plugin_manager.py 78]	 New plugin was loaded. Plugin Name: file-management
format=2025-06-28 01:37:34,134 root         WARNING  [PLUGIN >> plugin_manager.py 289]	 init.py not found in file-management plugin
format=2025-06-28 01:37:34,141 root         DEBUG    [PLUGIN >> plugin_manager.py 78]	 New plugin was loaded. Plugin Name: service
format=2025-06-28 01:37:34,142 root         DEBUG    [USB >> init.py 16]	 Parameters were initialized.
format=2025-06-28 01:37:34,145 root         DEBUG    [UTIL >> util.py 172]	 Executing command: /bin/bash /usr/share/ahenk/plugins/usb/scripts/ENABLED_webcam.sh
format=2025-06-28 01:37:34,149 root         DEBUG    [PLUGIN >> plugin.py 271]	 [Plugin] INIT_MODE is running on service plugin
format=2025-06-28 01:37:34,149 root         DEBUG    [PLUGIN >> plugin_manager.py 78]	 New plugin was loaded. Plugin Name: resource-usage
format=2025-06-28 01:37:34,175 root         DEBUG    [USB >> init.py 20]	 Enabled webcam.
format=2025-06-28 01:37:34,210 root         DEBUG    [UTIL >> util.py 172]	 Executing command: /bin/bash /usr/share/ahenk/plugins/usb/scripts/ENABLED_printer.sh
format=2025-06-28 01:37:34,218 root         DEBUG    [PLUGIN >> plugin_manager.py 78]	 New plugin was loaded. Plugin Name: conky
format=2025-06-28 01:37:34,220 root         DEBUG    [UTIL >> util.py 172]	 Executing command: dpkg -s chkconfig
format=2025-06-28 01:37:34,221 root         WARNING  [PLUGIN >> plugin_manager.py 289]	 init.py not found in resource-usage plugin
format=2025-06-28 01:37:34,240 root         DEBUG    [PLUGIN >> plugin_manager.py 78]	 New plugin was loaded. Plugin Name: manage-root
format=2025-06-28 01:37:34,246 root         WARNING  [PLUGIN >> plugin_manager.py 289]	 init.py not found in conky plugin
format=2025-06-28 01:37:34,253 root         DEBUG    [PLUGIN >> plugin.py 271]	 [Plugin] INIT_MODE is running on manage-root plugin
format=2025-06-28 01:37:34,254 root         DEBUG    [PLUGIN >> plugin_manager.py 78]	 New plugin was loaded. Plugin Name: ldap
format=2025-06-28 01:37:34,257 root         DEBUG    [PLUGIN >> plugin_manager.py 78]	 New plugin was loaded. Plugin Name: remote-access
format=2025-06-28 01:37:34,261 root         WARNING  [PLUGIN >> plugin_manager.py 289]	 init.py not found in remote-access plugin
format=2025-06-28 01:37:34,263 root         DEBUG    [PLUGIN >> plugin.py 271]	 [Plugin] INIT_MODE is running on ldap plugin
format=2025-06-28 01:37:34,265 root         DEBUG    [PLUGIN >> plugin_manager.py 78]	 New plugin was loaded. Plugin Name: network-inventory
format=2025-06-28 01:37:34,266 root         WARNING  [PLUGIN >> plugin_manager.py 289]	 init.py not found in network-inventory plugin
format=2025-06-28 01:37:34,268 root         DEBUG    [PLUGIN >> plugin_manager.py 78]	 New plugin was loaded. Plugin Name: network-manager
format=2025-06-28 01:37:34,270 root         DEBUG    [PLUGIN >> plugin_manager.py 78]	 New plugin was loaded. Plugin Name: system-restriction
format=2025-06-28 01:37:34,276 root         WARNING  [PLUGIN >> plugin_manager.py 289]	 init.py not found in system-restriction plugin
format=2025-06-28 01:37:34,277 root         WARNING  [PLUGIN >> plugin_manager.py 289]	 init.py not found in network-manager plugin
format=2025-06-28 01:37:34,279 root         DEBUG    [PLUGIN >> plugin_manager.py 78]	 New plugin was loaded. Plugin Name: local-user
format=2025-06-28 01:37:34,282 root         DEBUG    [PLUGIN >> plugin.py 271]	 [Plugin] INIT_MODE is running on local-user plugin
format=2025-06-28 01:37:34,286 root         DEBUG    [LOCAL-USER >> init.py 14]	 Parameters were initialized.
format=2025-06-28 01:37:34,291 root         DEBUG    [PLUGIN >> plugin_manager.py 78]	 New plugin was loaded. Plugin Name: script
format=2025-06-28 01:37:34,298 root         WARNING  [PLUGIN >> plugin_manager.py 289]	 init.py not found in script plugin
format=2025-06-28 01:37:34,298 root         DEBUG    [UTIL >> util.py 172]	 Executing command: dpkg -s whois
format=2025-06-28 01:37:34,305 root         DEBUG    [PLUGIN >> plugin_manager.py 78]	 New plugin was loaded. Plugin Name: package-manager
format=2025-06-28 01:37:34,314 root         DEBUG    [PLUGIN >> plugin.py 271]	 [Plugin] INIT_MODE is running on package-manager plugin
format=2025-06-28 01:37:34,314 root         DEBUG    [PLUGIN >> plugin_manager.py 78]	 New plugin was loaded. Plugin Name: notify
format=2025-06-28 01:37:34,316 root         WARNING  [PLUGIN >> plugin_manager.py 289]	 init.py not found in notify plugin
format=2025-06-28 01:37:34,317 root         DEBUG    [PLUGIN >> plugin_manager.py 78]	 New plugin was loaded. Plugin Name: parental-control
format=2025-06-28 01:37:34,321 root         WARNING  [PLUGIN >> plugin_manager.py 289]	 init.py not found in parental-control plugin
format=2025-06-28 01:37:34,321 root         DEBUG    [PLUGIN >> plugin_manager.py 78]	 New plugin was loaded. Plugin Name: login-manager
format=2025-06-28 01:37:34,326 root         DEBUG    [PLUGIN >> plugin.py 271]	 [Plugin] INIT_MODE is running on login-manager plugin
format=2025-06-28 01:37:34,329 root         INFO     [PLUGIN >> plugin_manager.py 56]	 Loaded plugins successfully.
format=2025-06-28 01:37:34,344 root         DEBUG    [LOGIN-MANAGER >> init.py 14]	 Parameters were initialized.
format=2025-06-28 01:37:34,345 root         INFO     [AHENK >> ahenkd.py 336]	 Plugin Manager was set
format=2025-06-28 01:37:34,345 root         DEBUG    [UTIL >> util.py 172]	 Executing command: apt-get install --yes --allow-unauthenticated whois
format=2025-06-28 01:37:34,347 root         DEBUG    [CUSTOM >> scheduledb.py 17]	 Initializing scheduler database...
format=2025-06-28 01:37:34,347 root         DEBUG    [CUSTOM >> scheduledb.py 20]	 Scheduler database is ok.
format=2025-06-28 01:37:34,347 root         DEBUG    [CUSTOM >> scheduledb.py 40]	 Loading schedule tasks...
format=2025-06-28 01:37:34,348 root         DEBUG    [CUSTOM >> scheduledb.py 45]	 Scheduled tasks are loaded successfully. Scheduled Tasks size is 0
format=2025-06-28 01:37:34,349 root         INFO     [AHENK >> ahenkd.py 339]	 Scheduler was set
format=2025-06-28 01:37:34,350 root         INFO     [AHENK >> ahenkd.py 342]	 Task Manager was set
format=2025-06-28 01:37:34,353 root         DEBUG    [REGISTRATION >> registration.py 345]	 uuid creating according to mac address
format=2025-06-28 01:37:34,355 root         DEBUG    [UTIL >> util.py 172]	 Executing command: lsb_release -d
format=2025-06-28 01:37:34,391 root         DEBUG    [UTIL >> util.py 172]	 Executing command: lsb_release -r
format=2025-06-28 01:37:34,456 root         DEBUG    [UTIL >> util.py 172]	 Executing command: parse-edid < /sys/class/drm/card0-Virtual-6/edid
format=2025-06-28 01:37:34,458 root         DEBUG    [UTIL >> util.py 172]	 Executing command: parse-edid < /sys/class/drm/card0-Virtual-4/edid
format=2025-06-28 01:37:34,462 root         DEBUG    [UTIL >> util.py 172]	 Executing command: parse-edid < /sys/class/drm/card0-Virtual-2/edid
format=2025-06-28 01:37:34,465 root         DEBUG    [UTIL >> util.py 172]	 Executing command: parse-edid < /sys/class/drm/card0-Virtual-7/edid
format=2025-06-28 01:37:34,470 root         DEBUG    [UTIL >> util.py 172]	 Executing command: parse-edid < /sys/class/drm/card0-Virtual-5/edid
format=2025-06-28 01:37:34,473 root         DEBUG    [UTIL >> util.py 172]	 Executing command: parse-edid < /sys/class/drm/card0-Virtual-3/edid
format=2025-06-28 01:37:34,476 root         DEBUG    [UTIL >> util.py 172]	 Executing command: parse-edid < /sys/class/drm/card0-Virtual-1/edid
format=2025-06-28 01:37:34,478 root         DEBUG    [UTIL >> util.py 172]	 Executing command: parse-edid < /sys/class/drm/card0-Virtual-8/edid
format=2025-06-28 01:37:34,483 root         DEBUG    [UTIL >> util.py 172]	 Executing command: xrandr
format=2025-06-28 01:37:34,489 root         DEBUG    [UTIL >> util.py 172]	 Executing command: lsusb
format=2025-06-28 01:37:34,498 root         DEBUG    [UTIL >> util.py 172]	 Executing command: lpstat -a
format=2025-06-28 01:37:34,686 root         DEBUG    [UTIL >> util.py 172]	 Executing command: dmidecode -t system
format=2025-06-28 01:37:34,753 root         DEBUG    [UTIL >> util.py 172]	 Executing command: dmidecode --string bios-release-date
format=2025-06-28 01:37:34,779 root         DEBUG    [UTIL >> util.py 172]	 Executing command: dmidecode --string bios-release-date
format=2025-06-28 01:37:34,830 root         DEBUG    [UTIL >> util.py 172]	 Executing command: dmidecode --string bios-version
format=2025-06-28 01:37:34,833 root         DEBUG    [UTIL >> util.py 172]	 Executing command: dmidecode --string bios-version
format=2025-06-28 01:37:34,838 root         DEBUG    [UTIL >> util.py 172]	 Executing command: dmidecode --string bios-vendor
format=2025-06-28 01:37:34,846 root         DEBUG    [UTIL >> util.py 172]	 Executing command: dmidecode --string bios-vendor
format=2025-06-28 01:37:34,849 root         DEBUG    [UTIL >> util.py 172]	 Executing command: dmidecode --string baseboard-manufacturer
format=2025-06-28 01:37:34,854 root         DEBUG    [UTIL >> util.py 172]	 Executing command: dmidecode --string baseboard-manufacturer
format=2025-06-28 01:37:34,859 root         DEBUG    [UTIL >> util.py 172]	 Executing command: dmidecode --string baseboard-version
format=2025-06-28 01:37:34,874 root         DEBUG    [UTIL >> util.py 172]	 Executing command: dmidecode --string baseboard-version
format=2025-06-28 01:37:34,897 root         DEBUG    [UTIL >> util.py 172]	 Executing command: dmidecode --string baseboard-asset-tag
format=2025-06-28 01:37:34,901 root         DEBUG    [UTIL >> util.py 172]	 Executing command: dmidecode --string baseboard-asset-tag
format=2025-06-28 01:37:34,906 root         DEBUG    [UTIL >> util.py 172]	 Executing command: dmidecode --string baseboard-product-name
format=2025-06-28 01:37:34,914 root         DEBUG    [UTIL >> util.py 172]	 Executing command: dmidecode --string baseboard-product-name
format=2025-06-28 01:37:34,918 root         DEBUG    [UTIL >> util.py 172]	 Executing command: dmidecode --string baseboard-serial-number
format=2025-06-28 01:37:34,927 root         DEBUG    [UTIL >> util.py 172]	 Executing command: dmidecode --string baseboard-serial-number
format=2025-06-28 01:37:35,319 root         DEBUG    [USB >> init.py 23]	 Enabled printer.
format=2025-06-28 01:37:35,320 root         DEBUG    [UTIL >> util.py 172]	 Executing command: /bin/bash /usr/share/ahenk/plugins/usb/scripts/ENABLED_usbstorage.sh
format=2025-06-28 01:37:35,426 root         DEBUG    [USB >> init.py 26]	 Enabled usb storage.
format=2025-06-28 01:37:35,466 root         DEBUG    [UTIL >> util.py 172]	 Executing command: /bin/bash /usr/share/ahenk/plugins/usb/scripts/ENABLED_usbhid.sh
format=2025-06-28 01:37:35,523 root         DEBUG    [USB >> init.py 29]	 Enabled usb hid.
format=2025-06-28 01:37:36,044 root         DEBUG    [UTIL >> util.py 172]	 Executing command: dpkg -s ahenk | grep Version
format=2025-06-28 01:37:36,074 root         DEBUG    [UTIL >> util.py 172]	 Executing command: lsblk -b -o NAME,TYPE,ROTA,SIZE,RM,HOTPLUG,MOUNTPOINT,FSUSED | grep -v loop | awk '$5 == "0" { print $0 }'
format=2025-06-28 01:37:36,245 root         DEBUG    [REGISTRATION >> registration.py 237]	 Registration parameters were created
format=2025-06-28 01:37:36,245 root         INFO     [AHENK >> ahenkd.py 345]	 Registration was set
format=2025-06-28 01:37:36,246 root         INFO     [AHENK >> ahenkd.py 348]	 Execution Manager was set
format=2025-06-28 01:37:36,246 root         DEBUG    [AHENK >> ahenkd.py 188]	 Registration attempt 1/3: Ahenk is not registered. Attempting registration.
format=2025-06-28 01:37:36,248 root         DEBUG    [REGISTRATION >> registration.py 61]	 Pulsar client selected for registration
format=2025-06-28 01:37:36,249 root         DEBUG    [MESSAGING >> messaging.py 161]	 Registration message was created
format=2025-06-28 01:37:36,249 root         INFO     [REGISTRATION >> registration.py 91]	 Request payload: {'type': 'REGISTER', 'from': '3862a47f-01a8-3b7f-a379-51ea6146b1eb', 'password': '6f58326b-2d9a-48b9-87e6-d2eba34bf8a6', 'data': {'ipAddresses': "'192.168.0.32'", 'macAddresses': "'08:00:27:72:1e:d4'", 'hostname': 'etap', 'os.name': 'Linux', 'os.version': 'Pardus ETAP GNU/Linux 23 (yirmiuc)-23.3', 'os.kernel': '6.1.0-28-amd64', 'os.distributionName': 'Pardus ETAP GNU/Linux', 'os.distributionId': 'etap-yirmiuc', 'os.distributionVersion': '23.3', 'os.architecture': '64bit', 'hardware.cpu.architecture': '', 'hardware.cpu.logicalCoreCount': 12, 'hardware.cpu.physicalCoreCount': 12, 'hardware.disk.total': 20858, 'hardware.disk.used': 12037, 'hardware.disk.free': 7735, 'hardware.disk.partitions': "['/dev/sda2', '/dev/sda1']", 'hardware.monitors': '[]', 'hardware.screens': '[]', 'hardware.usbDevices': "['Bus 002 Device 002: ID 80ee:0021 VirtualBox USB Tablet']", 'hardware.printers': 'None', 'hardware.systemDefinitions': "['Manufacturer: innotek GmbH', 'Product Name: VirtualBox']", 'hardware.memory.total': 3896, 'hardware.network.ipAddresses': "['192.168.0.32']", 'sessions.userNames': "['etapadmin', 'root']", 'bios.releaseDate': '12/01/2006', 'bios.version': 'VirtualBox', 'bios.vendor': 'innotek GmbH', 'hardware.baseboard.manufacturer': 'Oracle Corporation', 'hardware.baseboard.version': '1.2', 'hardware.baseboard.assetTag': 'Not Specified', 'hardware.baseboard.productName': 'VirtualBox', 'hardware.baseboard.serialNumber': '0', 'phase': None, 'processor': 'AMD Ryzen 9 5900X 12-Core Processor', 'agentVersion': '2.0.7', 'graphic.processing.unit': None, 'hardware.disk.hdd.info': "[{'name': 'sda', 'type': 'HDD', 'total': 20858, 'used': 12037}]"}, 'macAddresses': "'08:00:27:72:1e:d4'", 'ipAddresses': "'192.168.0.32'", 'hostname': 'etap', 'timestamp': '28-06-2025 01:37'}
format=2025-06-28 01:37:36,637 root         INFO     [REGISTRATION >> registration.py 102]	 Response: {"status":"NOT_AUTHORIZED","message":"Mac ID is not registered to Etap Service.","agentDn":null,"timestamp":"2025-06-27T22:37:35.180+00:00","type":"REGISTRATION_RESPONSE","ldapUserDn":null,"ldapServer":null,"ldapBaseDn":null,"ldapVersion":null,"adDomainName":null,"adHostName":null,"adIpAddress":null,"adAdminPassword":null,"adAdminUserName":null,"directoryServer":null,"disableLocalUser":null}
format=2025-06-28 01:37:36,637 root         DEBUG    [REGISTRATION >> registration.py 127]	 Reading registration reply
format=2025-06-28 01:37:36,638 root         DEBUG    [REGISTRATION >> registration.py 129]	 [Registration]Mac ID is not registered to Etap Service.
format=2025-06-28 01:37:36,638 root         DEBUG    [REGISTRATION >> registration.py 132]	 Registration status: not_authorized
format=2025-06-28 01:37:36,639 root         INFO     [REGISTRATION >> registration.py 151]	 Registration is failed. New registration request will send
format=2025-06-28 01:37:36,640 root         INFO     [REGISTRATION >> registration.py 153]	 register_error_message is: False
format=2025-06-28 01:37:36,640 root         INFO     [REGISTRATION >> registration.py 119]	 Stopping the service...
format=2025-06-28 01:37:36,641 root         DEBUG    [UTIL >> util.py 172]	 Executing command: /etc/init.d/ahenk stop
format=2025-06-28 03:18:45,976 root         INFO     [AHENK >> ahenkd.py 56]	 Log was set
format=2025-06-28 03:18:45,976 root         INFO     [AHENK >> ahenkd.py 318]	 Pid file was created
format=2025-06-28 03:18:45,978 root         DEBUG    [UTIL >> util.py 172]	 Executing command: chmod -R 600 /tmp/liderahenk.fifo
format=2025-06-28 03:18:45,980 root         INFO     [AHENK >> ahenkd.py 321]	 Fifo file was created
format=2025-06-28 03:18:45,980 root         INFO     [AHENK >> ahenkd.py 324]	 Event Manager was set
format=2025-06-28 03:18:45,981 root         INFO     [AHENK >> ahenkd.py 327]	 DataBase Service was set
format=2025-06-28 03:18:45,982 root         ERROR    [KEY >> ssl_cert_management.py 31]	 Certificate file does not exist: 
format=2025-06-28 03:18:45,982 root         INFO     [AHENK >> ahenkd.py 330]	 SSL Cert control was set
format=2025-06-28 03:18:45,983 root         INFO     [AHENK >> ahenkd.py 333]	 Message Manager was set
format=2025-06-28 03:18:45,985 root         INFO     [PLUGIN >> plugin_manager.py 43]	 Loading plugins...
format=2025-06-28 03:18:45,986 root         DEBUG    [PLUGIN >> plugin_manager.py 45]	 Lookup for possible plugins...
format=2025-06-28 03:18:45,988 root         DEBUG    [PLUGIN >> plugin_manager.py 48]	 Possible plugins: ['usb', 'file-management', 'service', 'resource-usage', 'conky', 'manage-root', 'ldap', 'remote-access', 'network-inventory', 'network-manager', 'system-restriction', 'local-user', 'script', 'package-manager', 'notify', 'parental-control', 'login-manager'] 
format=2025-06-28 03:18:45,989 root         DEBUG    [PLUGIN >> plugin_manager.py 78]	 New plugin was loaded. Plugin Name: usb
format=2025-06-28 03:18:45,991 root         DEBUG    [PLUGIN >> plugin_manager.py 78]	 New plugin was loaded. Plugin Name: file-management
format=2025-06-28 03:18:45,999 root         WARNING  [PLUGIN >> plugin_manager.py 289]	 init.py not found in file-management plugin
format=2025-06-28 03:18:46,000 root         DEBUG    [PLUGIN >> plugin_manager.py 78]	 New plugin was loaded. Plugin Name: service
format=2025-06-28 03:18:46,005 root         DEBUG    [PLUGIN >> plugin.py 271]	 [Plugin] INIT_MODE is running on usb plugin
format=2025-06-28 03:18:46,013 root         DEBUG    [PLUGIN >> plugin_manager.py 78]	 New plugin was loaded. Plugin Name: resource-usage
format=2025-06-28 03:18:46,022 root         DEBUG    [PLUGIN >> plugin.py 271]	 [Plugin] INIT_MODE is running on service plugin
format=2025-06-28 03:18:46,030 root         DEBUG    [USB >> init.py 16]	 Parameters were initialized.
format=2025-06-28 03:18:46,033 root         DEBUG    [PLUGIN >> plugin_manager.py 78]	 New plugin was loaded. Plugin Name: conky
format=2025-06-28 03:18:46,050 root         DEBUG    [UTIL >> util.py 172]	 Executing command: /bin/bash /usr/share/ahenk/plugins/usb/scripts/ENABLED_webcam.sh
format=2025-06-28 03:18:46,087 root         WARNING  [PLUGIN >> plugin_manager.py 289]	 init.py not found in resource-usage plugin
format=2025-06-28 03:18:46,116 root         DEBUG    [USB >> init.py 20]	 Enabled webcam.
format=2025-06-28 03:18:46,117 root         DEBUG    [PLUGIN >> plugin_manager.py 78]	 New plugin was loaded. Plugin Name: manage-root
format=2025-06-28 03:18:46,176 root         WARNING  [PLUGIN >> plugin_manager.py 289]	 init.py not found in conky plugin
format=2025-06-28 03:18:46,190 root         DEBUG    [UTIL >> util.py 172]	 Executing command: dpkg -s chkconfig
format=2025-06-28 03:18:46,193 root         DEBUG    [PLUGIN >> plugin.py 271]	 [Plugin] INIT_MODE is running on manage-root plugin
format=2025-06-28 03:18:46,194 root         DEBUG    [PLUGIN >> plugin_manager.py 78]	 New plugin was loaded. Plugin Name: ldap
format=2025-06-28 03:18:46,208 root         DEBUG    [PLUGIN >> plugin.py 271]	 [Plugin] INIT_MODE is running on ldap plugin
format=2025-06-28 03:18:46,209 root         DEBUG    [PLUGIN >> plugin_manager.py 78]	 New plugin was loaded. Plugin Name: remote-access
format=2025-06-28 03:18:46,238 root         DEBUG    [PLUGIN >> plugin_manager.py 78]	 New plugin was loaded. Plugin Name: network-inventory
format=2025-06-28 03:18:46,276 root         WARNING  [PLUGIN >> plugin_manager.py 289]	 init.py not found in network-inventory plugin
format=2025-06-28 03:18:46,289 root         DEBUG    [UTIL >> util.py 172]	 Executing command: /bin/bash /usr/share/ahenk/plugins/usb/scripts/ENABLED_printer.sh
format=2025-06-28 03:18:46,291 root         WARNING  [PLUGIN >> plugin_manager.py 289]	 init.py not found in remote-access plugin
format=2025-06-28 03:18:46,306 root         DEBUG    [PLUGIN >> plugin_manager.py 78]	 New plugin was loaded. Plugin Name: network-manager
format=2025-06-28 03:18:46,326 root         WARNING  [PLUGIN >> plugin_manager.py 289]	 init.py not found in network-manager plugin
format=2025-06-28 03:18:46,334 root         DEBUG    [PLUGIN >> plugin_manager.py 78]	 New plugin was loaded. Plugin Name: system-restriction
format=2025-06-28 03:18:46,340 root         WARNING  [PLUGIN >> plugin_manager.py 289]	 init.py not found in system-restriction plugin
format=2025-06-28 03:18:46,341 root         DEBUG    [PLUGIN >> plugin_manager.py 78]	 New plugin was loaded. Plugin Name: local-user
format=2025-06-28 03:18:46,370 root         DEBUG    [PLUGIN >> plugin_manager.py 78]	 New plugin was loaded. Plugin Name: script
format=2025-06-28 03:18:46,426 root         DEBUG    [PLUGIN >> plugin_manager.py 78]	 New plugin was loaded. Plugin Name: package-manager
format=2025-06-28 03:18:46,440 root         DEBUG    [PLUGIN >> plugin.py 271]	 [Plugin] INIT_MODE is running on local-user plugin
format=2025-06-28 03:18:46,571 root         DEBUG    [PLUGIN >> plugin_manager.py 78]	 New plugin was loaded. Plugin Name: notify
format=2025-06-28 03:18:46,631 root         DEBUG    [LOCAL-USER >> init.py 14]	 Parameters were initialized.
format=2025-06-28 03:18:46,660 root         DEBUG    [PLUGIN >> plugin.py 271]	 [Plugin] INIT_MODE is running on package-manager plugin
format=2025-06-28 03:18:46,729 root         DEBUG    [PLUGIN >> plugin_manager.py 78]	 New plugin was loaded. Plugin Name: parental-control
format=2025-06-28 03:18:46,737 root         DEBUG    [PLUGIN >> plugin_manager.py 78]	 New plugin was loaded. Plugin Name: login-manager
format=2025-06-28 03:18:46,743 root         WARNING  [PLUGIN >> plugin_manager.py 289]	 init.py not found in notify plugin
format=2025-06-28 03:18:46,745 root         DEBUG    [UTIL >> util.py 172]	 Executing command: dpkg -s whois
format=2025-06-28 03:18:46,758 root         INFO     [PLUGIN >> plugin_manager.py 56]	 Loaded plugins successfully.
format=2025-06-28 03:18:46,760 root         INFO     [AHENK >> ahenkd.py 336]	 Plugin Manager was set
format=2025-06-28 03:18:46,764 root         WARNING  [PLUGIN >> plugin_manager.py 289]	 init.py not found in script plugin
format=2025-06-28 03:18:46,766 root         WARNING  [PLUGIN >> plugin_manager.py 289]	 init.py not found in parental-control plugin
format=2025-06-28 03:18:46,768 root         DEBUG    [PLUGIN >> plugin.py 271]	 [Plugin] INIT_MODE is running on login-manager plugin
format=2025-06-28 03:18:46,768 root         DEBUG    [CUSTOM >> scheduledb.py 17]	 Initializing scheduler database...
format=2025-06-28 03:18:46,770 root         DEBUG    [LOGIN-MANAGER >> init.py 14]	 Parameters were initialized.
format=2025-06-28 03:18:46,771 root         DEBUG    [CUSTOM >> scheduledb.py 20]	 Scheduler database is ok.
format=2025-06-28 03:18:46,772 root         DEBUG    [CUSTOM >> scheduledb.py 40]	 Loading schedule tasks...
format=2025-06-28 03:18:46,772 root         DEBUG    [CUSTOM >> scheduledb.py 45]	 Scheduled tasks are loaded successfully. Scheduled Tasks size is 0
format=2025-06-28 03:18:46,773 root         INFO     [AHENK >> ahenkd.py 339]	 Scheduler was set
format=2025-06-28 03:18:46,773 root         INFO     [AHENK >> ahenkd.py 342]	 Task Manager was set
format=2025-06-28 03:18:46,775 root         DEBUG    [REGISTRATION >> registration.py 345]	 uuid creating according to mac address
format=2025-06-28 03:18:46,778 root         DEBUG    [UTIL >> util.py 172]	 Executing command: lsb_release -d
format=2025-06-28 03:18:46,809 root         DEBUG    [UTIL >> util.py 172]	 Executing command: lsb_release -r
format=2025-06-28 03:18:46,882 root         DEBUG    [UTIL >> util.py 172]	 Executing command: parse-edid < /sys/class/drm/card0-Virtual-6/edid
format=2025-06-28 03:18:46,886 root         DEBUG    [UTIL >> util.py 172]	 Executing command: parse-edid < /sys/class/drm/card0-Virtual-4/edid
format=2025-06-28 03:18:46,889 root         DEBUG    [UTIL >> util.py 172]	 Executing command: parse-edid < /sys/class/drm/card0-Virtual-2/edid
format=2025-06-28 03:18:46,890 root         DEBUG    [UTIL >> util.py 172]	 Executing command: parse-edid < /sys/class/drm/card0-Virtual-7/edid
format=2025-06-28 03:18:46,892 root         DEBUG    [UTIL >> util.py 172]	 Executing command: parse-edid < /sys/class/drm/card0-Virtual-5/edid
format=2025-06-28 03:18:46,893 root         DEBUG    [UTIL >> util.py 172]	 Executing command: parse-edid < /sys/class/drm/card0-Virtual-3/edid
format=2025-06-28 03:18:46,896 root         DEBUG    [UTIL >> util.py 172]	 Executing command: parse-edid < /sys/class/drm/card0-Virtual-1/edid
format=2025-06-28 03:18:46,897 root         DEBUG    [UTIL >> util.py 172]	 Executing command: parse-edid < /sys/class/drm/card0-Virtual-8/edid
format=2025-06-28 03:18:46,901 root         DEBUG    [UTIL >> util.py 172]	 Executing command: xrandr
format=2025-06-28 03:18:46,910 root         DEBUG    [UTIL >> util.py 172]	 Executing command: lsusb
format=2025-06-28 03:18:46,918 root         DEBUG    [UTIL >> util.py 172]	 Executing command: lpstat -a
format=2025-06-28 03:18:47,156 root         DEBUG    [UTIL >> util.py 172]	 Executing command: dmidecode -t system
format=2025-06-28 03:18:47,162 root         DEBUG    [UTIL >> util.py 172]	 Executing command: dmidecode --string bios-release-date
format=2025-06-28 03:18:47,165 root         DEBUG    [UTIL >> util.py 172]	 Executing command: dmidecode --string bios-release-date
format=2025-06-28 03:18:47,168 root         DEBUG    [UTIL >> util.py 172]	 Executing command: dmidecode --string bios-version
format=2025-06-28 03:18:47,173 root         DEBUG    [UTIL >> util.py 172]	 Executing command: dmidecode --string bios-version
format=2025-06-28 03:18:47,183 root         DEBUG    [UTIL >> util.py 172]	 Executing command: dmidecode --string bios-vendor
format=2025-06-28 03:18:47,185 root         DEBUG    [UTIL >> util.py 172]	 Executing command: dmidecode --string bios-vendor
format=2025-06-28 03:18:47,189 root         DEBUG    [UTIL >> util.py 172]	 Executing command: dmidecode --string baseboard-manufacturer
format=2025-06-28 03:18:47,192 root         DEBUG    [UTIL >> util.py 172]	 Executing command: dmidecode --string baseboard-manufacturer
format=2025-06-28 03:18:47,198 root         DEBUG    [UTIL >> util.py 172]	 Executing command: dmidecode --string baseboard-version
format=2025-06-28 03:18:47,201 root         DEBUG    [UTIL >> util.py 172]	 Executing command: dmidecode --string baseboard-version
format=2025-06-28 03:18:47,205 root         DEBUG    [UTIL >> util.py 172]	 Executing command: dmidecode --string baseboard-asset-tag
format=2025-06-28 03:18:47,209 root         DEBUG    [UTIL >> util.py 172]	 Executing command: dmidecode --string baseboard-asset-tag
format=2025-06-28 03:18:47,214 root         DEBUG    [UTIL >> util.py 172]	 Executing command: dmidecode --string baseboard-product-name
format=2025-06-28 03:18:47,217 root         DEBUG    [UTIL >> util.py 172]	 Executing command: dmidecode --string baseboard-product-name
format=2025-06-28 03:18:47,222 root         DEBUG    [UTIL >> util.py 172]	 Executing command: dmidecode --string baseboard-serial-number
format=2025-06-28 03:18:47,228 root         DEBUG    [UTIL >> util.py 172]	 Executing command: dmidecode --string baseboard-serial-number
format=2025-06-28 03:18:47,470 root         DEBUG    [USB >> init.py 23]	 Enabled printer.
format=2025-06-28 03:18:47,473 root         DEBUG    [UTIL >> util.py 172]	 Executing command: /bin/bash /usr/share/ahenk/plugins/usb/scripts/ENABLED_usbstorage.sh
format=2025-06-28 03:18:47,599 root         DEBUG    [USB >> init.py 26]	 Enabled usb storage.
format=2025-06-28 03:18:47,626 root         DEBUG    [UTIL >> util.py 172]	 Executing command: /bin/bash /usr/share/ahenk/plugins/usb/scripts/ENABLED_usbhid.sh
format=2025-06-28 03:18:47,662 root         DEBUG    [USB >> init.py 29]	 Enabled usb hid.
format=2025-06-28 03:18:48,347 root         DEBUG    [UTIL >> util.py 172]	 Executing command: dpkg -s ahenk | grep Version
format=2025-06-28 03:18:48,372 root         DEBUG    [UTIL >> util.py 172]	 Executing command: lsblk -b -o NAME,TYPE,ROTA,SIZE,RM,HOTPLUG,MOUNTPOINT,FSUSED | grep -v loop | awk '$5 == "0" { print $0 }'
format=2025-06-28 03:18:48,397 root         DEBUG    [REGISTRATION >> registration.py 237]	 Registration parameters were created
format=2025-06-28 03:18:48,397 root         INFO     [AHENK >> ahenkd.py 345]	 Registration was set
format=2025-06-28 03:18:48,398 root         INFO     [AHENK >> ahenkd.py 348]	 Execution Manager was set
format=2025-06-28 03:18:48,400 root         DEBUG    [AHENK >> ahenkd.py 188]	 Registration attempt 1/3: Ahenk is not registered. Attempting registration.
format=2025-06-28 03:18:48,400 root         DEBUG    [REGISTRATION >> registration.py 61]	 Pulsar client selected for registration
format=2025-06-28 03:18:48,401 root         DEBUG    [MESSAGING >> messaging.py 161]	 Registration message was created
format=2025-06-28 03:18:48,401 root         INFO     [REGISTRATION >> registration.py 91]	 Request payload: {'type': 'REGISTER', 'from': '3862a47f-01a8-3b7f-a379-51ea6146b1eb', 'password': '93b17109-66e5-43fc-812f-d4c9154e7c33', 'data': {'ipAddresses': "'192.168.0.32'", 'macAddresses': "'08:00:27:72:1e:d4'", 'hostname': 'etap', 'os.name': 'Linux', 'os.version': 'Pardus ETAP GNU/Linux 23 (yirmiuc)-23.3', 'os.kernel': '6.1.0-28-amd64', 'os.distributionName': 'Pardus ETAP GNU/Linux', 'os.distributionId': 'etap-yirmiuc', 'os.distributionVersion': '23.3', 'os.architecture': '64bit', 'hardware.cpu.architecture': '', 'hardware.cpu.logicalCoreCount': 12, 'hardware.cpu.physicalCoreCount': 12, 'hardware.disk.total': 20858, 'hardware.disk.used': 12056, 'hardware.disk.free': 7715, 'hardware.disk.partitions': "['/dev/sda2', '/dev/sda1']", 'hardware.monitors': '[]', 'hardware.screens': '[]', 'hardware.usbDevices': "['Bus 002 Device 002: ID 80ee:0021 VirtualBox USB Tablet']", 'hardware.printers': 'None', 'hardware.systemDefinitions': "['Manufacturer: innotek GmbH', 'Product Name: VirtualBox']", 'hardware.memory.total': 3896, 'hardware.network.ipAddresses': "['192.168.0.32']", 'sessions.userNames': "['etapadmin']", 'bios.releaseDate': '12/01/2006', 'bios.version': 'VirtualBox', 'bios.vendor': 'innotek GmbH', 'hardware.baseboard.manufacturer': 'Oracle Corporation', 'hardware.baseboard.version': '1.2', 'hardware.baseboard.assetTag': 'Not Specified', 'hardware.baseboard.productName': 'VirtualBox', 'hardware.baseboard.serialNumber': '0', 'phase': None, 'processor': 'AMD Ryzen 9 5900X 12-Core Processor', 'agentVersion': '2.0.7', 'graphic.processing.unit': None, 'hardware.disk.hdd.info': "[{'name': 'sda', 'type': 'HDD', 'total': 20858, 'used': 12057}]"}, 'macAddresses': "'08:00:27:72:1e:d4'", 'ipAddresses': "'192.168.0.32'", 'hostname': 'etap', 'timestamp': '28-06-2025 03:18'}
format=2025-06-28 03:18:49,046 root         INFO     [REGISTRATION >> registration.py 102]	 Response: {"status":"REGISTERED","message":"cn=08:00:27:72:1e:d4,ou=Akören Çok Programlı Anadolu Lisesi,ou=ALADAĞ,ou=ADANA,ou=Agents,dc=eba,dc=gov,dc=tr and its related database record created successfully!","agentDn":"cn=08:00:27:72:1e:d4,ou=Akören Çok Programlı Anadolu Lisesi,ou=ALADAĞ,ou=ADANA,ou=Agents,dc=eba,dc=gov,dc=tr","timestamp":"2025-06-28T00:18:47.511+00:00","topicName":"task-3862a47f-01a8-3b7f-a379-51ea6146b1eb","clientSslPath":"/usr/share/ahenk-eba-cert/eba.gov.tr.fullchain.crt","messagingServerUrl":"pulsar-liderahenk.eba.gov.tr","messagingServerPort":6650,"messagingUseSsl":true,"messagingRandomizeTime":900,"isRandomizeMessage":true,"type":"REGISTRATION_RESPONSE"}
format=2025-06-28 03:18:49,047 root         DEBUG    [REGISTRATION >> registration.py 127]	 Reading registration reply
format=2025-06-28 03:18:49,047 root         DEBUG    [REGISTRATION >> registration.py 129]	 [Registration]cn=08:00:27:72:1e:d4,ou=Akören Çok Programlı Anadolu Lisesi,ou=ALADAĞ,ou=ADANA,ou=Agents,dc=eba,dc=gov,dc=tr and its related database record created successfully!
format=2025-06-28 03:18:49,047 root         DEBUG    [REGISTRATION >> registration.py 132]	 Registration status: registered
format=2025-06-28 03:18:49,048 root         DEBUG    [REGISTRATION >> registration.py 138]	 Current dn:cn=08:00:27:72:1e:d4,ou=Akören Çok Programlı Anadolu Lisesi,ou=ALADAĞ,ou=ADANA,ou=Agents,dc=eba,dc=gov,dc=tr
format=2025-06-28 03:18:49,048 root         DEBUG    [REGISTRATION >> registration.py 194]	 Messaging conf file is updating...
format=2025-06-28 03:18:49,058 root         DEBUG    [REGISTRATION >> registration.py 188]	 Registration configuration file is updated
format=2025-06-28 03:18:49,058 root         DEBUG    [REGISTRATION >> registration.py 167]	 Topic name is updating...
format=2025-06-28 03:18:51,067 root         INFO     [AHENK >> ahenkd.py 192]	 Registration successful.
format=2025-06-28 03:18:51,068 root         INFO     [AHENK >> ahenkd.py 155]	 Pulsar connection retry 1/5
format=2025-06-28 03:18:51,068 root         INFO     [PULSAR >> pulsar_client.py 59]	 Trying to connect to Pulsar...
format=2025-06-28 03:19:01,715 root         INFO     [PULSAR >> pulsar_client.py 83]	 Connected to Pulsar server!
format=2025-06-28 03:19:01,748 root         INFO     [AHENK >> ahenkd.py 158]	 Pulsar connection successful.
format=2025-06-28 03:19:01,748 root         INFO     [AHENK >> ahenkd.py 365]	 Messenger was set
format=2025-06-28 03:19:01,748 root         INFO     [AHENK >> ahenkd.py 256]	 Signal handler is set up
format=2025-06-28 03:19:01,749 root         INFO     [AHENK >> ahenkd.py 373]	 Signals listeners was set
format=2025-06-28 03:19:01,751 root         INFO     [AHENK >> ahenkd.py 383]	 LDAP registration of Ahenk is completed
